// Vitest Snapshot v1, https://vitest.dev/guide/snapshot.html

exports[`Main scenario > Metadata generation > With builder task > should generate the metadata from the controllers types 1`] = `
{
  "post": [
    {
      "actionMetadata": {
        "bodyType": {
          "additionalProperties": false,
          "properties": {
            "age": {
              "type": "number",
            },
          },
          "required": [
            "age",
          ],
          "type": "object",
        },
        "controllerName": "MainController",
        "defaultStatusCode": 200,
        "errors": [],
        "name": "sayHello",
        "paramsType": {
          "additionalProperties": false,
          "properties": {
            "name": {
              "pattern": "[a-zA-Z]+",
              "type": "string",
            },
          },
          "required": [
            "name",
          ],
          "type": "object",
        },
        "queryType": {
          "additionalProperties": false,
          "properties": {
            "language": {
              "enum": [
                "fr",
                "en",
              ],
              "type": "string",
            },
          },
          "type": "object",
        },
        "returnType": {
          "additionalProperties": false,
          "properties": {
            "message": {
              "type": "string",
            },
          },
          "required": [
            "message",
          ],
          "type": "object",
        },
        "tags": [],
        "validateInput": true,
        "validateOutput": true,
      },
      "path": "/api/hello/{name}",
      "pattern": "/^(?:\\/api\\/hello\\/([^\\/]+))(?:\\/$)?$/i",
    },
  ],
}
`;

exports[`Main scenario > Metadata generation > With process > should generate the metadata from the controllers types 1`] = `
{
  "post": [
    {
      "actionMetadata": {
        "bodyType": {
          "additionalProperties": false,
          "properties": {
            "age": {
              "type": "number",
            },
          },
          "required": [
            "age",
          ],
          "type": "object",
        },
        "controllerName": "MainController",
        "defaultStatusCode": 200,
        "errors": [],
        "name": "sayHello",
        "paramsType": {
          "additionalProperties": false,
          "properties": {
            "name": {
              "pattern": "[a-zA-Z]+",
              "type": "string",
            },
          },
          "required": [
            "name",
          ],
          "type": "object",
        },
        "queryType": {
          "additionalProperties": false,
          "properties": {
            "language": {
              "enum": [
                "fr",
                "en",
              ],
              "type": "string",
            },
          },
          "type": "object",
        },
        "returnType": {
          "additionalProperties": false,
          "properties": {
            "message": {
              "type": "string",
            },
          },
          "required": [
            "message",
          ],
          "type": "object",
        },
        "tags": [],
        "validateInput": true,
        "validateOutput": true,
      },
      "path": "/api/hello/{name}",
      "pattern": "/^(?:\\/api\\/hello\\/([^\\/]+))(?:\\/$)?$/i",
    },
  ],
}
`;

exports[`Main scenario > Rest API > should provide a OpenAPI spec 1`] = `
{
  "info": {
    "contact": {
      "email": "support@example.com",
      "name": "API Support",
      "url": "http://www.example.com/support",
    },
    "description": "Describe what your API does here...",
    "license": {
      "name": "Apache 2.0",
      "url": "https://www.apache.org/licenses/LICENSE-2.0.html",
    },
    "title": "Alliage REST API",
    "version": "1.0.0",
  },
  "openapi": "3.0.3",
  "paths": {
    "/api/hello/{name}": {
      "post": {
        "operationId": "sayHello",
        "parameters": [
          {
            "in": "path",
            "name": "name",
            "required": true,
            "schema": {
              "pattern": "[a-zA-Z]+",
              "type": "string",
            },
          },
          {
            "in": "query",
            "name": "language",
            "required": false,
            "schema": {
              "enum": [
                "fr",
                "en",
              ],
              "type": "string",
            },
          },
        ],
        "requestBody": {
          "content": {
            "application/json": {
              "schema": {
                "additionalProperties": false,
                "properties": {
                  "age": {
                    "type": "number",
                  },
                },
                "required": [
                  "age",
                ],
                "type": "object",
              },
            },
          },
          "required": true,
        },
        "responses": {
          "200": {
            "content": {
              "application/json": {
                "schema": {
                  "additionalProperties": false,
                  "properties": {
                    "message": {
                      "type": "string",
                    },
                  },
                  "required": [
                    "message",
                  ],
                  "type": "object",
                },
              },
            },
            "description": "Success response",
          },
        },
        "tags": [],
      },
    },
  },
}
`;

exports[`Main scenario > Schema generation > should generate the schema 1`] = `
{
  "info": {
    "contact": {
      "email": "support@example.com",
      "name": "API Support",
      "url": "http://www.example.com/support",
    },
    "description": "Describe what your API does here...",
    "license": {
      "name": "Apache 2.0",
      "url": "https://www.apache.org/licenses/LICENSE-2.0.html",
    },
    "title": "Alliage REST API",
    "version": "1.0.0",
  },
  "openapi": "3.0.3",
  "paths": {
    "/api/hello/{name}": {
      "post": {
        "operationId": "sayHello",
        "parameters": [
          {
            "in": "path",
            "name": "name",
            "required": true,
            "schema": {
              "pattern": "[a-zA-Z]+",
              "type": "string",
            },
          },
          {
            "in": "query",
            "name": "language",
            "required": false,
            "schema": {
              "enum": [
                "fr",
                "en",
              ],
              "type": "string",
            },
          },
        ],
        "requestBody": {
          "content": {
            "application/json": {
              "schema": {
                "additionalProperties": false,
                "properties": {
                  "age": {
                    "type": "number",
                  },
                },
                "required": [
                  "age",
                ],
                "type": "object",
              },
            },
          },
          "required": true,
        },
        "responses": {
          "200": {
            "content": {
              "application/json": {
                "schema": {
                  "additionalProperties": false,
                  "properties": {
                    "message": {
                      "type": "string",
                    },
                  },
                  "required": [
                    "message",
                  ],
                  "type": "object",
                },
              },
            },
            "description": "Success response",
          },
        },
        "tags": [],
      },
    },
  },
}
`;
